Sep 1 10:00:00 server sshd[1234]: Accepted password for invalid user admin from 201.0.113.45 port 52341 ssh2
Sep 2 10:00:01 server sshd[5678]: Failed password for invalid user admin from 202.0.113.45 port 52342 ssh2
Sep 2 10:00:02 server sshd[1111]: Failed password for invalid user admin from 202.0.113.45 port 52342 ssh2
Sep 2 10:00:03 server sshd[2222]: Failed password for invalid user admin from 202.0.113.45 port 52342 ssh2
Sep 2 10:00:04 server sshd[3333]: Failed password for invalid user admin from 202.0.113.45 port 52342 ssh2
Sep 2 10:00:05 server sshd[4444]: Accepted password for invalid user admin from 202.0.113.45 port 52342 ssh2
Sep 3 10:00:06 server sshd[9101]: Failed password for invalid user admin from 202.0.113.46 port 52343 ssh2
Sep 4 10:00:07 server sshd[2345]: Failed password for invalid user admin from 204.0.113.46 port 52344 ssh2
Sep 5 10:00:08 server sshd[6789]: Failed password for invalid user admin from 205.0.113.46 port 52345 ssh2
Sep 5 10:00:09 server sshd[5555]: Accepted password for invalid user admin from 205.0.113.46 port 52345 ssh2
Sep 6 10:00:10 server sshd[1] : Failed password for root from 200.51.100.7 port 22 ssh2
Sep 6 10:00:11 server sshd[1] : Failed password for root from 200.51.100.7 port 22 ssh2
Sep 6 10:00:12 server sshd[1] : Failed password for root from 200.51.100.7 port 22 ssh2
Sep 6 10:00:13 server sshd[1] : Failed password for root from 200.51.100.7 port 22 ssh2
Sep 6 10:00:14 server sshd[1] : Failed password for root from 200.51.100.7 port 22 ssh2
Sep 6 10:00:15 server sshd[1] : Failed password for root from 200.51.100.7 port 22 ssh2
Sep 6 10:00:16 server sshd[1] : Accepted password for root from 200.51.100.7 port 22 ssh2
Sep 6 10:00:17 server sshd[1] : Failed password for root from 192.168.1.5 port 22 ssh2
Sep 6 10:00:17 server sshd[1] : Failed password for root from 192.168.1.5 port 22 ssh2
Sep 6 10:00:17 server sshd[1] : Failed password for root from 192.168.1.5 port 22 ssh2
Sep 6 10:00:17 server sshd[1] : Failed password for root from 192.168.1.5 port 22 ssh2
Sep 6 10:00:17 server sshd[1] : Failed password for root from 192.168.1.5 port 22 ssh2
Sep 6 10:00:17 server sshd[1] : Failed password for root from 192.168.1.5 port 22 ssh2
Sep 6 10:00:17 server sshd[1] : Accepted password for root from 192.168.1.5 port 22 ssh2